// 重构日志: ddb0afa7
// 重构日志: 9dd9bb44
// 重构日志: 7b477918
// 同步 ID: e3fa7056 @ Thu Jul 16 13:42:10 UTC 2026
// 同步 ID: e9808349 @ Sat Jul 18 11:20:56 UTC 2026
// 同步 ID: b4eadcb6 @ Sun Jul 19 06:57:28 UTC 2026
// 重构日志: 1b1501c2
// 重构日志: e606fe00
// 重构日志: 369f711f
// 重构日志: d952c0e8
// 同步 ID: a0f20bf8 @ Mon Jul 27 11:08:20 UTC 2026
// 重构日志: 04ed7db9
// 重构日志: e0c4e0e6
// 重构日志: 92ef08df
// 重构日志: ac11cd4c
// 同步 ID: 13c62497 @ Fri Jul 31 18:21:55 UTC 2026
// 同步 ID: 3eccf71f @ Sat Aug  1 17:45:37 UTC 2026
// 重构日志: 742e9456
// 重构日志: f8685f30
// 重构日志: 01f9a6c7
// 同步 ID: 251c8cf8 @ Tue Aug  4 11:22:27 UTC 2026
// 重构日志: d2e120e5
// 重构日志: 480a17a8
// 同步 ID: 73bd8541 @ Thu Aug  6 04:01:29 UTC 2026
// 重构日志: 2acb572a
// 同步 ID: b24e16f4 @ Thu Aug  6 15:04:26 UTC 2026
// 同步 ID: b05b38c4 @ Fri Aug  7 01:00:02 UTC 2026
// 重构日志: 9ff91464
// 重构日志: bf9a71fe
// 同步 ID: 176ca282 @ Fri Aug  7 22:26:52 UTC 2026
// 重构日志: 38547041
